[Bootstrap]
SetupTitle=Install
SetupText=Copying Files, please stand by.
CabFile=NewSIP.CAB
Spawn=Setup1.exe
Uninstal=st6unst.exe
TmpDir=msftqws.pdw
Cabs=1

[Bootstrap Files]
File1=@VB6STKIT.DLL,$(WinSysPathSysFile),,,11/8/07 3:55:32 AM,101888,6.0.84.50
File2=@COMCAT.DLL,$(WinSysPathSysFile),$(DLLSelfRegister),,5/31/98 12:00:00 AM,22288,4.71.1460.1
File3=@stdole2.tlb,$(WinSysPathSysFile),$(TLBRegister),,4/13/08 8:12:08 PM,16896,5.1.2600.5512
File4=@asycfilt.dll,$(WinSysPathSysFile),,,3/5/10 9:37:40 PM,65536,5.1.2600.5949
File5=@olepro32.dll,$(WinSysPathSysFile),$(DLLSelfRegister),,4/14/08 4:42:04 AM,84992,5.1.2600.5512
File6=@oleaut32.dll,$(WinSysPathSysFile),$(DLLSelfRegister),,12/21/10 12:32:15 AM,551936,5.1.2600.6058
File7=@msvbvm60.dll,$(WinSysPathSysFile),$(DLLSelfRegister),,4/14/08 4:42:02 AM,1384479,6.0.98.2

[IconGroups]
Group0=SIP Toko
PrivateGroup0=True
Parent0=$(Programs)

[SIP Toko]
Icon1="NewSIP.exe"
Title1=SIP Toko
StartIn1=$(AppPath)

[Setup]
Title=SIP Toko
DefaultDir=$(ProgramFiles)\NewSIP
AppExe=NewSIP.exe
AppToUninstall=NewSIP.exe

[Setup1 Files]
File1=@ssdw3bo.ocx,$(WinSysPath),$(DLLSelfRegister),$(Shared),11/10/98 2:53:18 AM,857896,3.1.1.5
File2=@XPControls.ocx,$(WinSysPath),$(DLLSelfRegister),$(Shared),2/21/11 12:00:42 PM,385024,1.0.0.0
File3=@tdbgpp7.dll,$(WinSysPath),,$(Shared),7/18/01 6:13:00 PM,489128,7.0.24.7
File4=@Todgub7.DLL,$(WinSysPath),$(DLLSelfRegister),$(Shared),3/6/02 11:21:06 PM,249856,7.0.0.12
File5=@todg7.ocx,$(WinSysPath),$(DLLSelfRegister),$(Shared),7/18/01 6:13:00 PM,972456,7.0.0.272
File6=@BasTombol.ocx,$(WinSysPath),$(DLLSelfRegister),$(Shared),3/12/08 11:21:38 PM,98304,1.0.0.0
File7=@BasKomponen.ocx,$(WinSysPath),$(DLLSelfRegister),$(Shared),3/12/08 1:08:10 AM,86016,1.0.0.0
File8=@msstdfmt.dll,$(WinSysPath),$(DLLSelfRegister),$(Shared),11/8/07 8:19:22 AM,129024,6.1.98.4
File9=@msadodc.ocx,$(WinSysPath),$(DLLSelfRegister),$(Shared),3/9/04 12:00:00 AM,131856,6.1.97.82
File10=@SmartMenuXP.ocx,$(WinSysPath),$(DLLSelfRegister),$(Shared),11/6/01 7:57:18 AM,233472,1.8.0.5
File11=@AlphaImageControl.ocx,$(WinSysPath),$(DLLSelfRegister),$(Shared),9/6/08 10:19:28 PM,352256,1.1.0.0
File12=@MSDERUN.DLL,$(WinSysPath),$(DLLSelfRegister),$(Shared),7/15/00 3:00:00 PM,136192,6.0.88.4
File13=@craxddrt.dll,$(WinSysPath),$(DLLSelfRegister),$(Shared),6/17/07 9:07:20 PM,8646715,8.5.0.217
File14=@craxdrt.dll,$(WinSysPath),$(DLLSelfRegister),$(Shared),6/17/07 9:07:24 PM,5152826,8.5.0.217
File15=@crviewer.dll,$(WinSysPath),$(DLLSelfRegister),$(Shared),6/17/07 9:06:40 PM,664576,8.5.0.217
File16=@MSDBRPTR.DLL,$(WinSysPath),$(DLLSelfRegister),$(Shared),6/18/98 12:00:00 AM,299008,6.0.81.69
File17=@TIBase6.DLL,$(WinSysPathSysFile),,,11/1/99 8:22:30 PM,527024,6.0.1.1
File18=@TIShare6.DLL,$(WinSysPathSysFile),$(DLLSelfRegister),,11/1/99 8:22:32 PM,133296,6.0.1.1
File19=@tidate6.ocx,$(WinSysPath),$(DLLSelfRegister),$(Shared),11/1/99 8:22:42 PM,274064,6.0.1.1
File20=@titime6.ocx,$(WinSysPath),$(DLLSelfRegister),$(Shared),6/1/99 6:00:00 AM,244880,6.0.0.1
File21=@tinumb6.ocx,$(WinSysPath),$(DLLSelfRegister),$(Shared),11/1/99 8:22:54 PM,245904,6.0.1.1
File22=@Str2Bit.dll,$(WinSysPath),$(DLLSelfRegister),$(Shared),5/13/07 7:37:58 PM,24576,1.0.0.0
File23=@msado25.tlb,$(WinSysPath),,$(Shared),11/8/10 7:41:00 PM,81920,2.81.3012.0
File24=@NewSIP.exe,$(AppPath),,$(Shared),12/2/11 1:43:16 PM,1548288,1.0.0.0

; The following lines may be deleted in order to obtain extra 
; space for customizing this file on a full installation diskette.
; 
; XXXXXXXXXXXXXXXXXXXXXXXXXXXXXXXXXXXXXXXXXXXXXXXXXXXXXXXXXXXX
; XXXXXXXXXXXXXXXXXXXXXXXXXXXXXXXXXXXXXXXXXXXXXXXXXXXXXXXXXXXX
; XXXXXXXXXXXXXXXXXXXXXXXXXXXXXXXXXXXXXXXXXXXXXXXXXXXXXXXXXXXX
; XXXXXXXXXXXXXXXXXXXXXXXXXXXXXXXXXXXXXXXXXXXXXXXXXXXXXXXXXXXX
; XXXXXXXXXXXXXXXXXXXXXXXXXXXXXXXXXXXXXXXXXXXXXXXXXXXXXXXXXXXX
; XXXXXXXXXXXXXXXXXXXXXXXXXXXXXXXXXXXXXXXXXXXXXXXXXXXXXXXXXXXX
; XXXXXXXXXXXXXXXXXXXXXXXXXXXXXXXXXXXXXXXXXXXXXXXXXXXXXXXXXXXX
; XXXXXXXXXXXXXXXXXXXXXXXXXXXXXXXXXXXXXXXXXXXXXXXXXXXXXXXXXXXX
; XXXXXXXXXXXXXXXXXXXXXXXXXXXXXXXXXXXXXXXXXXXXXXXXXXXXXXXXXXXX
; XXXXXXXXXXXXXXXXXXXXXXXXXXXXXXXXXXXXXXXXXXXXXXXXXXXXXXXXXXXX
; XXXXXXXXXXXXXXXXXXXXXXXXXXXXXXXXXXXXXXXXXXXXXXXXXXXXXXXXXXXX
; XXXXXXXXXXXXXXXXXXXXXXXXXXXXXXXXXXXXXXXXXXXXXXXXXXXXXXXXXXXX
; XXXXXXXXXXXXXXXXXXXXXXXXXXXXXXXXXXXXXXXXXXXXXXXXXXXXXXXXXXXX
; XXXXXXXXXXXXXXXXXXXXXXXXXXXXXXXXXXXXXXXXXXXXXXXXXXXXXXXXXXXX
; XXXXXXXXXXXXXXXXXXXXXXXXXXXXXXXXXXXXXXXXXXXXXXXXXXXXXXXXXXXX
; XXXXXXXXXXXXXXXXXXXXXXXXXXXXXXXXXXXXXXXXXXXXXXXXXXXXXXXXXXXX
; XXXXXXXXXXXXXXXXXXXXXXXXXXXXXXXXXXXXXXXXXXXXXXXXXXXXXXXXXXXX
; XXXXXXXXXXXXXXXXXXXXXXXXXXXXXXXXXXXXXXXXXXXXXXXXXXXXXXXXXXXX
; XXXXXXXXXXXXXXXXXXXXXXXXXXXXXXXXXXXXXXXXXXXXXXXXXXXXXXXXXXXX
; XXXXXXXXXXXXXXXXXXXXXXXXXXXXXXXXXXXXXXXXXXXXXXXXXXXXXXXXXXXX
; XXXXXXXXXXXXXXXXXXXXXXXXXXXXXXXXXXXXXXXXXXXXXXXXXXXXXXXXXXXX
; XXXXXXXXXXXXXXXXXXXXXXXXXXXXXXXXXXXXXXXXXXXXXXXXXXXXXXXXXXXX
; XXXXXXXXXXXXXXXXXXXXXXXXXXXXXXXXXXXXXXXXXXXXXXXXXXXXXXXXXXXX
; XXXXXXXXXXXXXXXXXXXXXXXXXXXXXXXXXXXXXXXXXXXXXXXXXXXXXXXXXXXX
; XXXXXXXXXXXXXXXXXXXXXXXXXXXXXXXXXXXXXXXXXXXXXXXXXXXXXXXXXXXX
; XXXXXXXXXXXXXXXXXXXXXXXXXXXXXXXXXXXXXXXXXXXXXXXXXXXXXXXXXXXX
; XXXXXXXXXXXXXXXXXXXXXXXXXXXXXXXXXXXXXXXXXXXXXXXXXXXXXXXXXXXX
; XXXXXXXXXXXXXXXXXXXXXXXXXXXXXXXXXXXXXXXXXXXXXXXXXXXXXXXXXXXX
; XXXXXXXXXXXXXXXXXXXXXXXXXXXXXXXXXXXXXXXXXXXXXXXXXXXXXXXXXXXX
; XXXXXXXXXXXXXXXXXXXXXXXXXXXXXXXXXXXXXXXXXXXXXXXXXXXXXXXXXXXX
; XXXXXXXXXXXXXXXXXXXXXXXXXXXXXXXXXXXXXXXXXXXXXXXXXXXXXXXXXXXX
; XXXXXXXXXXXXXXXXXXXXXXXXXXXXXXXXXXXXXXXXXXXXXXXXXXXXXXXXXXXX
; XXXXXXXXXXXXXXXXXXXXXXXXXXXXXXXXXXXXXXXXXXXXXXXXXXXXXXXXXXXX
; XXXXXXXXXXXXXXXXXXXXXXXXXXXXXXXXXXXXXXXXXXXXXXXXXXXXXXXXXXXX
; XXXXXXXXXXXXXXXXXXXXXXXXXXXXXXXXXXXXXXXXXXXXXXXXXXXXXXXXXXXX
